// Jest Snapshot v1, https://goo.gl/fbAQLP

exports[`"excludes" option should work with string array: result 1`] = `
[
  {
    "id": "./simple.js",
    "reasons": [
      null,
    ],
  },
  {
    "id": "./foo.js",
    "reasons": [
      "./simple.js",
    ],
  },
  {
    "id": "./foo.css",
    "reasons": [
      "./simple.js",
    ],
  },
  {
    "id": "./foo.ts",
    "reasons": [
      "./simple.js",
    ],
  },
  {
    "id": "./foo.vue",
    "reasons": [
      "./simple.js",
    ],
  },
  {
    "id": "./foo.tsx",
    "reasons": [
      "./simple.js",
    ],
  },
  {
    "id": "./foo.scss",
    "reasons": [
      "./simple.js",
    ],
  },
  {
    "id": "./foo.less",
    "reasons": [
      "./simple.js",
    ],
  },
  {
    "id": "./dynamic-import.js",
    "reasons": [
      "./simple.js",
    ],
  },
  {
    "id": "./commonjs.js",
    "reasons": [
      "./simple.js",
    ],
  },
  {
    "id": "./node_modules/test.js",
    "reasons": [
      "./foo.js",
      "./foo.ts",
      "./foo.vue",
    ],
  },
  {
    "id": "./fooDep.js",
    "reasons": [
      "./foo.js",
      "./foo.ts",
      "./foo.vue",
    ],
  },
  {
    "id": "./assets/test-font.woff",
    "reasons": [
      "./foo.css",
    ],
  },
  {
    "id": "./assets/test-font.ttf",
    "reasons": [
      "./foo.css",
    ],
  },
  {
    "id": "./assets/foo.png",
    "reasons": [
      "./foo.css",
      "./foo.less",
      "./foo.scss",
      "./foo.vue",
      "./foo.vue",
      "./foo.vue",
    ],
  },
  {
    "id": "./node_modules/testDep.js",
    "reasons": [
      "./node_modules/test.js",
    ],
  },
  {
    "id": "",
    "reasons": [],
  },
  {
    "id": "",
    "reasons": [],
  },
  {
    "id": "",
    "reasons": [],
  },
  {
    "id": "",
    "reasons": [],
  },
]
`;
