// Jest Snapshot v1, https://goo.gl/fbAQLP

exports[`loader should work: errors 1`] = `[]`;

exports[`loader should work: main.bundle.js 1`] = `undefined`;

exports[`loader should work: result 1`] = `
[
  {
    "id": "./simple.js",
    "reasons": [
      null,
    ],
  },
  {
    "id": "./foo.js",
    "reasons": [
      "./simple.js",
    ],
  },
  {
    "id": "./foo.css",
    "reasons": [
      "./simple.js",
    ],
  },
  {
    "id": "./foo.ts",
    "reasons": [
      "./simple.js",
    ],
  },
  {
    "id": "./foo.vue",
    "reasons": [
      "./simple.js",
    ],
  },
  {
    "id": "./foo.tsx",
    "reasons": [
      "./simple.js",
    ],
  },
  {
    "id": "./node_modules/test.js",
    "reasons": [
      "./foo.js",
      "./foo.ts",
      "./foo.tsx",
      "./foo.vue",
    ],
  },
  {
    "id": "./fooDep.js",
    "reasons": [
      "./foo.js",
      "./foo.ts",
      "./foo.tsx",
      "./foo.vue",
    ],
  },
  {
    "id": "./assets/foo.png",
    "reasons": [
      "./foo.css",
      "./foo.vue",
    ],
  },
  {
    "id": "",
    "reasons": [],
  },
  {
    "id": "",
    "reasons": [],
  },
  {
    "id": "",
    "reasons": [],
  },
  {
    "id": "",
    "reasons": [],
  },
]
`;

exports[`loader should work: warnings 1`] = `[]`;
